// Jest Snapshot v1, https://goo.gl/fbAQLP

exports[`AppComponent should create the app 1`] = `
AppComponent {
  "title": "billistic-web",
}
`;
