// Jest Snapshot v1, https://goo.gl/fbAQLP

exports[`Header should render without crashing 1`] = `
<Unknown
  counter={0}
  setCounter={[Function]}
/>
`;
