// Jest Snapshot v1, https://goo.gl/fbAQLP

exports[`App should render without crashing 1`] = `
<React.Fragment>
  <WithStyles(CssBaseline) />
  <div>
    And now we're cooking with gas
  </div>
</React.Fragment>
`;
