// Jest Snapshot v1, https://goo.gl/fbAQLP

exports[`AddBill should render fine 1`] = `<WithStyles(Paper) />`;
